// Jest Snapshot v1, https://goo.gl/fbAQLP

exports[`AddPurchase it should render properly 1`] = `
<div>
  <div
    class="css-5uhkd6"
    data-testid="add-purchase"
  >
    <div
      class="css-172jk2k"
    >
      <button
        class="css-rztmuv"
      >
        <svg
          fill="none"
          height="1em"
          stroke="currentColor"
          stroke-linecap="round"
          stroke-linejoin="round"
          stroke-width="2"
          viewBox="0 0 24 24"
          width="1em"
          xmlns="http://www.w3.org/2000/svg"
        >
          <line
            x1="12"
            x2="12"
            y1="5"
            y2="19"
          />
          <line
            x1="5"
            x2="19"
            y1="12"
            y2="12"
          />
        </svg>
        <canvas
          height="0"
          style="border-radius: inherit; height: 100%; left: 0px; position: absolute; top: 0px; width: 100%;"
          width="0"
        />
      </button>
    </div>
    Cadastrar Compra
  </div>
</div>
`;
