// Jest Snapshot v1, https://goo.gl/fbAQLP

exports[`Toast Component it should render properly 1`] = `
<div>
  <div
    class="css-1cr6320"
    data-testid="toast"
  >
    <div
      class="css-m7k8lo"
    >
      <div
        class="css-1obobd9"
      >
        <div
          class="Toastify"
        />
      </div>
    </div>
  </div>
</div>
`;
