// Jest Snapshot v1, https://goo.gl/fbAQLP

exports[`Transactions List item itenteractions it should activate the list item when click 1`] = `
<div>
  <div
    class="css-4xhxa"
    data-testid="transactions"
  >
    <div
      class="css-111c5i3"
    >
      25/09/2020
    </div>
    <div
      class="css-fg72zp"
    >
      <div
        class="css-cxmyvs"
        data-transactionid="11"
      >
        <div
          class="css-sv5rxi"
        >
          <svg
            fill="none"
            height="1em"
            stroke="currentColor"
            stroke-linecap="round"
            stroke-linejoin="round"
            stroke-width="2"
            viewBox="0 0 24 24"
            width="1em"
            xmlns="http://www.w3.org/2000/svg"
          >
            <path
              d="M6 2L3 6v14a2 2 0 0 0 2 2h14a2 2 0 0 0 2-2V6l-3-4z"
            />
            <line
              x1="3"
              x2="21"
              y1="6"
              y2="6"
            />
            <path
              d="M16 10a4 4 0 0 1-8 0"
            />
          </svg>
        </div>
        <div
          class="css-4xhxa"
        >
          <span
            class="css-169ve98"
          >
            123131231
          </span>
          <div
            class="css-1vlvjt"
          >
            aprovado
          </div>
        </div>
        <div
          class="css-1my4vzi"
        >
          R$ 123,12
          <svg
            fill="none"
            height="1em"
            stroke="currentColor"
            stroke-linecap="round"
            stroke-linejoin="round"
            stroke-width="2"
            viewBox="0 0 24 24"
            width="1em"
            xmlns="http://www.w3.org/2000/svg"
          >
            <polyline
              points="9 18 15 12 9 6"
            />
          </svg>
        </div>
        <canvas
          height="0"
          style="border-radius: inherit; height: 100%; left: 0px; position: absolute; top: 0px; width: 100%;"
          width="0"
        />
      </div>
    </div>
    <div
      class="css-111c5i3"
    >
      20/09/2020
    </div>
    <div
      class="css-fg72zp"
    >
      <div
        class="css-1wqaamr"
        data-transactionid="10"
      >
        <div
          class="css-1nmedbh"
        >
          <svg
            fill="none"
            height="1em"
            stroke="currentColor"
            stroke-linecap="round"
            stroke-linejoin="round"
            stroke-width="2"
            viewBox="0 0 24 24"
            width="1em"
            xmlns="http://www.w3.org/2000/svg"
          >
            <path
              d="M6 2L3 6v14a2 2 0 0 0 2 2h14a2 2 0 0 0 2-2V6l-3-4z"
            />
            <line
              x1="3"
              x2="21"
              y1="6"
              y2="6"
            />
            <path
              d="M16 10a4 4 0 0 1-8 0"
            />
          </svg>
        </div>
        <div
          class="css-4xhxa"
        >
          <span
            class="css-urv4j1"
          >
            123123123
          </span>
          <div
            class="css-o94346"
          >
            reprovado
          </div>
        </div>
        <div
          class="css-iqfsi7"
        >
          R$ 34,00
          <svg
            fill="none"
            height="1em"
            stroke="currentColor"
            stroke-linecap="round"
            stroke-linejoin="round"
            stroke-width="2"
            viewBox="0 0 24 24"
            width="1em"
            xmlns="http://www.w3.org/2000/svg"
          >
            <polyline
              points="9 18 15 12 9 6"
            />
          </svg>
        </div>
        <canvas
          height="0"
          style="border-radius: inherit; height: 100%; left: 0px; position: absolute; top: 0px; width: 100%;"
          width="0"
        />
      </div>
    </div>
    <div
      class="css-111c5i3"
    >
      13/09/2020
    </div>
    <div
      class="css-fg72zp"
    >
      <div
        class="css-1wqaamr"
        data-transactionid="5"
      >
        <div
          class="css-1nmedbh"
        >
          <svg
            fill="none"
            height="1em"
            stroke="currentColor"
            stroke-linecap="round"
            stroke-linejoin="round"
            stroke-width="2"
            viewBox="0 0 24 24"
            width="1em"
            xmlns="http://www.w3.org/2000/svg"
          >
            <path
              d="M6 2L3 6v14a2 2 0 0 0 2 2h14a2 2 0 0 0 2-2V6l-3-4z"
            />
            <line
              x1="3"
              x2="21"
              y1="6"
              y2="6"
            />
            <path
              d="M16 10a4 4 0 0 1-8 0"
            />
          </svg>
        </div>
        <div
          class="css-4xhxa"
        >
          <span
            class="css-urv4j1"
          >
            09876543
          </span>
          <div
            class="css-15kypn1"
          >
            aprovado
          </div>
        </div>
        <div
          class="css-iqfsi7"
        >
          R$ 450,00
          <svg
            fill="none"
            height="1em"
            stroke="currentColor"
            stroke-linecap="round"
            stroke-linejoin="round"
            stroke-width="2"
            viewBox="0 0 24 24"
            width="1em"
            xmlns="http://www.w3.org/2000/svg"
          >
            <polyline
              points="9 18 15 12 9 6"
            />
          </svg>
        </div>
        <canvas
          height="0"
          style="border-radius: inherit; height: 100%; left: 0px; position: absolute; top: 0px; width: 100%;"
          width="0"
        />
      </div>
    </div>
    <div
      class="css-111c5i3"
    >
      11/09/2020
    </div>
    <div
      class="css-fg72zp"
    >
      <div
        class="css-1wqaamr"
        data-transactionid="7"
      >
        <div
          class="css-1nmedbh"
        >
          <svg
            fill="none"
            height="1em"
            stroke="currentColor"
            stroke-linecap="round"
            stroke-linejoin="round"
            stroke-width="2"
            viewBox="0 0 24 24"
            width="1em"
            xmlns="http://www.w3.org/2000/svg"
          >
            <path
              d="M6 2L3 6v14a2 2 0 0 0 2 2h14a2 2 0 0 0 2-2V6l-3-4z"
            />
            <line
              x1="3"
              x2="21"
              y1="6"
              y2="6"
            />
            <path
              d="M16 10a4 4 0 0 1-8 0"
            />
          </svg>
        </div>
        <div
          class="css-4xhxa"
        >
          <span
            class="css-urv4j1"
          >
            0987654
          </span>
          <div
            class="css-o94346"
          >
            reprovado
          </div>
        </div>
        <div
          class="css-iqfsi7"
        >
          R$ 45,00
          <svg
            fill="none"
            height="1em"
            stroke="currentColor"
            stroke-linecap="round"
            stroke-linejoin="round"
            stroke-width="2"
            viewBox="0 0 24 24"
            width="1em"
            xmlns="http://www.w3.org/2000/svg"
          >
            <polyline
              points="9 18 15 12 9 6"
            />
          </svg>
        </div>
        <canvas
          height="0"
          style="border-radius: inherit; height: 100%; left: 0px; position: absolute; top: 0px; width: 100%;"
          width="0"
        />
      </div>
      <div
        class="css-1wqaamr"
        data-transactionid="8"
      >
        <div
          class="css-1nmedbh"
        >
          <svg
            fill="none"
            height="1em"
            stroke="currentColor"
            stroke-linecap="round"
            stroke-linejoin="round"
            stroke-width="2"
            viewBox="0 0 24 24"
            width="1em"
            xmlns="http://www.w3.org/2000/svg"
          >
            <path
              d="M6 2L3 6v14a2 2 0 0 0 2 2h14a2 2 0 0 0 2-2V6l-3-4z"
            />
            <line
              x1="3"
              x2="21"
              y1="6"
              y2="6"
            />
            <path
              d="M16 10a4 4 0 0 1-8 0"
            />
          </svg>
        </div>
        <div
          class="css-4xhxa"
        >
          <span
            class="css-urv4j1"
          >
            123213
          </span>
          <div
            class="css-o94346"
          >
            reprovado
          </div>
        </div>
        <div
          class="css-iqfsi7"
        >
          R$ 38,00
          <svg
            fill="none"
            height="1em"
            stroke="currentColor"
            stroke-linecap="round"
            stroke-linejoin="round"
            stroke-width="2"
            viewBox="0 0 24 24"
            width="1em"
            xmlns="http://www.w3.org/2000/svg"
          >
            <polyline
              points="9 18 15 12 9 6"
            />
          </svg>
        </div>
        <canvas
          height="0"
          style="border-radius: inherit; height: 100%; left: 0px; position: absolute; top: 0px; width: 100%;"
          width="0"
        />
      </div>
    </div>
    <div
      class="css-111c5i3"
    >
      09/09/2020
    </div>
    <div
      class="css-fg72zp"
    >
      <div
        class="css-1wqaamr"
        data-transactionid="2"
      >
        <div
          class="css-1nmedbh"
        >
          <svg
            fill="none"
            height="1em"
            stroke="currentColor"
            stroke-linecap="round"
            stroke-linejoin="round"
            stroke-width="2"
            viewBox="0 0 24 24"
            width="1em"
            xmlns="http://www.w3.org/2000/svg"
          >
            <path
              d="M6 2L3 6v14a2 2 0 0 0 2 2h14a2 2 0 0 0 2-2V6l-3-4z"
            />
            <line
              x1="3"
              x2="21"
              y1="6"
              y2="6"
            />
            <path
              d="M16 10a4 4 0 0 1-8 0"
            />
          </svg>
        </div>
        <div
          class="css-4xhxa"
        >
          <span
            class="css-urv4j1"
          >
            123456789
          </span>
          <div
            class="css-15kypn1"
          >
            aprovado
          </div>
        </div>
        <div
          class="css-iqfsi7"
        >
          R$ 150,00
          <svg
            fill="none"
            height="1em"
            stroke="currentColor"
            stroke-linecap="round"
            stroke-linejoin="round"
            stroke-width="2"
            viewBox="0 0 24 24"
            width="1em"
            xmlns="http://www.w3.org/2000/svg"
          >
            <polyline
              points="9 18 15 12 9 6"
            />
          </svg>
        </div>
        <canvas
          height="0"
          style="border-radius: inherit; height: 100%; left: 0px; position: absolute; top: 0px; width: 100%;"
          width="0"
        />
      </div>
      <div
        class="css-1wqaamr"
        data-transactionid="3"
      >
        <div
          class="css-1nmedbh"
        >
          <svg
            fill="none"
            height="1em"
            stroke="currentColor"
            stroke-linecap="round"
            stroke-linejoin="round"
            stroke-width="2"
            viewBox="0 0 24 24"
            width="1em"
            xmlns="http://www.w3.org/2000/svg"
          >
            <path
              d="M6 2L3 6v14a2 2 0 0 0 2 2h14a2 2 0 0 0 2-2V6l-3-4z"
            />
            <line
              x1="3"
              x2="21"
              y1="6"
              y2="6"
            />
            <path
              d="M16 10a4 4 0 0 1-8 0"
            />
          </svg>
        </div>
        <div
          class="css-4xhxa"
        >
          <span
            class="css-urv4j1"
          >
            123456789
          </span>
          <div
            class="css-15kypn1"
          >
            aprovado
          </div>
        </div>
        <div
          class="css-iqfsi7"
        >
          R$ 150,00
          <svg
            fill="none"
            height="1em"
            stroke="currentColor"
            stroke-linecap="round"
            stroke-linejoin="round"
            stroke-width="2"
            viewBox="0 0 24 24"
            width="1em"
            xmlns="http://www.w3.org/2000/svg"
          >
            <polyline
              points="9 18 15 12 9 6"
            />
          </svg>
        </div>
        <canvas
          height="0"
          style="border-radius: inherit; height: 100%; left: 0px; position: absolute; top: 0px; width: 100%;"
          width="0"
        />
      </div>
      <div
        class="css-1wqaamr"
        data-transactionid="4"
      >
        <div
          class="css-1nmedbh"
        >
          <svg
            fill="none"
            height="1em"
            stroke="currentColor"
            stroke-linecap="round"
            stroke-linejoin="round"
            stroke-width="2"
            viewBox="0 0 24 24"
            width="1em"
            xmlns="http://www.w3.org/2000/svg"
          >
            <path
              d="M6 2L3 6v14a2 2 0 0 0 2 2h14a2 2 0 0 0 2-2V6l-3-4z"
            />
            <line
              x1="3"
              x2="21"
              y1="6"
              y2="6"
            />
            <path
              d="M16 10a4 4 0 0 1-8 0"
            />
          </svg>
        </div>
        <div
          class="css-4xhxa"
        >
          <span
            class="css-urv4j1"
          >
            123456789
          </span>
          <div
            class="css-15kypn1"
          >
            aprovado
          </div>
        </div>
        <div
          class="css-iqfsi7"
        >
          R$ 150,00
          <svg
            fill="none"
            height="1em"
            stroke="currentColor"
            stroke-linecap="round"
            stroke-linejoin="round"
            stroke-width="2"
            viewBox="0 0 24 24"
            width="1em"
            xmlns="http://www.w3.org/2000/svg"
          >
            <polyline
              points="9 18 15 12 9 6"
            />
          </svg>
        </div>
        <canvas
          height="0"
          style="border-radius: inherit; height: 100%; left: 0px; position: absolute; top: 0px; width: 100%;"
          width="0"
        />
      </div>
      <div
        class="css-1wqaamr"
        data-transactionid="12"
      >
        <div
          class="css-1nmedbh"
        >
          <svg
            fill="none"
            height="1em"
            stroke="currentColor"
            stroke-linecap="round"
            stroke-linejoin="round"
            stroke-width="2"
            viewBox="0 0 24 24"
            width="1em"
            xmlns="http://www.w3.org/2000/svg"
          >
            <path
              d="M6 2L3 6v14a2 2 0 0 0 2 2h14a2 2 0 0 0 2-2V6l-3-4z"
            />
            <line
              x1="3"
              x2="21"
              y1="6"
              y2="6"
            />
            <path
              d="M16 10a4 4 0 0 1-8 0"
            />
          </svg>
        </div>
        <div
          class="css-4xhxa"
        >
          <span
            class="css-urv4j1"
          >
            123123
          </span>
          <div
            class="css-o94346"
          >
            reprovado
          </div>
        </div>
        <div
          class="css-iqfsi7"
        >
          R$ 32,00
          <svg
            fill="none"
            height="1em"
            stroke="currentColor"
            stroke-linecap="round"
            stroke-linejoin="round"
            stroke-width="2"
            viewBox="0 0 24 24"
            width="1em"
            xmlns="http://www.w3.org/2000/svg"
          >
            <polyline
              points="9 18 15 12 9 6"
            />
          </svg>
        </div>
        <canvas
          height="0"
          style="border-radius: inherit; height: 100%; left: 0px; position: absolute; top: 0px; width: 100%;"
          width="0"
        />
      </div>
    </div>
    <div
      class="css-111c5i3"
    >
      05/09/2020
    </div>
    <div
      class="css-fg72zp"
    >
      <div
        class="css-1wqaamr"
        data-transactionid="6"
      >
        <div
          class="css-1nmedbh"
        >
          <svg
            fill="none"
            height="1em"
            stroke="currentColor"
            stroke-linecap="round"
            stroke-linejoin="round"
            stroke-width="2"
            viewBox="0 0 24 24"
            width="1em"
            xmlns="http://www.w3.org/2000/svg"
          >
            <path
              d="M6 2L3 6v14a2 2 0 0 0 2 2h14a2 2 0 0 0 2-2V6l-3-4z"
            />
            <line
              x1="3"
              x2="21"
              y1="6"
              y2="6"
            />
            <path
              d="M16 10a4 4 0 0 1-8 0"
            />
          </svg>
        </div>
        <div
          class="css-4xhxa"
        >
          <span
            class="css-urv4j1"
          >
            123434343
          </span>
          <div
            class="css-o94346"
          >
            reprovado
          </div>
        </div>
        <div
          class="css-iqfsi7"
        >
          R$ 30,00
          <svg
            fill="none"
            height="1em"
            stroke="currentColor"
            stroke-linecap="round"
            stroke-linejoin="round"
            stroke-width="2"
            viewBox="0 0 24 24"
            width="1em"
            xmlns="http://www.w3.org/2000/svg"
          >
            <polyline
              points="9 18 15 12 9 6"
            />
          </svg>
        </div>
        <canvas
          height="0"
          style="border-radius: inherit; height: 100%; left: 0px; position: absolute; top: 0px; width: 100%;"
          width="0"
        />
      </div>
    </div>
    <div
      class="css-111c5i3"
    >
      31/08/2020
    </div>
    <div
      class="css-fg72zp"
    >
      <div
        class="css-1wqaamr"
        data-transactionid="1"
      >
        <div
          class="css-1nmedbh"
        >
          <svg
            fill="none"
            height="1em"
            stroke="currentColor"
            stroke-linecap="round"
            stroke-linejoin="round"
            stroke-width="2"
            viewBox="0 0 24 24"
            width="1em"
            xmlns="http://www.w3.org/2000/svg"
          >
            <path
              d="M6 2L3 6v14a2 2 0 0 0 2 2h14a2 2 0 0 0 2-2V6l-3-4z"
            />
            <line
              x1="3"
              x2="21"
              y1="6"
              y2="6"
            />
            <path
              d="M16 10a4 4 0 0 1-8 0"
            />
          </svg>
        </div>
        <div
          class="css-4xhxa"
        >
          <span
            class="css-urv4j1"
          >
            0987654321
          </span>
          <div
            class="css-szkkrn"
          >
            em validação
          </div>
        </div>
        <div
          class="css-iqfsi7"
        >
          R$ 1.000,00
          <svg
            fill="none"
            height="1em"
            stroke="currentColor"
            stroke-linecap="round"
            stroke-linejoin="round"
            stroke-width="2"
            viewBox="0 0 24 24"
            width="1em"
            xmlns="http://www.w3.org/2000/svg"
          >
            <polyline
              points="9 18 15 12 9 6"
            />
          </svg>
        </div>
        <canvas
          height="0"
          style="border-radius: inherit; height: 100%; left: 0px; position: absolute; top: 0px; width: 100%;"
          width="0"
        />
      </div>
      <div
        class="css-1wqaamr"
        data-transactionid="9"
      >
        <div
          class="css-1nmedbh"
        >
          <svg
            fill="none"
            height="1em"
            stroke="currentColor"
            stroke-linecap="round"
            stroke-linejoin="round"
            stroke-width="2"
            viewBox="0 0 24 24"
            width="1em"
            xmlns="http://www.w3.org/2000/svg"
          >
            <path
              d="M6 2L3 6v14a2 2 0 0 0 2 2h14a2 2 0 0 0 2-2V6l-3-4z"
            />
            <line
              x1="3"
              x2="21"
              y1="6"
              y2="6"
            />
            <path
              d="M16 10a4 4 0 0 1-8 0"
            />
          </svg>
        </div>
        <div
          class="css-4xhxa"
        >
          <span
            class="css-urv4j1"
          >
            09876
          </span>
          <div
            class="css-o94346"
          >
            reprovado
          </div>
        </div>
        <div
          class="css-iqfsi7"
        >
          R$ 28,00
          <svg
            fill="none"
            height="1em"
            stroke="currentColor"
            stroke-linecap="round"
            stroke-linejoin="round"
            stroke-width="2"
            viewBox="0 0 24 24"
            width="1em"
            xmlns="http://www.w3.org/2000/svg"
          >
            <polyline
              points="9 18 15 12 9 6"
            />
          </svg>
        </div>
        <canvas
          height="0"
          style="border-radius: inherit; height: 100%; left: 0px; position: absolute; top: 0px; width: 100%;"
          width="0"
        />
      </div>
      <div
        class="css-1wqaamr"
        data-transactionid="13"
      >
        <div
          class="css-1nmedbh"
        >
          <svg
            fill="none"
            height="1em"
            stroke="currentColor"
            stroke-linecap="round"
            stroke-linejoin="round"
            stroke-width="2"
            viewBox="0 0 24 24"
            width="1em"
            xmlns="http://www.w3.org/2000/svg"
          >
            <path
              d="M6 2L3 6v14a2 2 0 0 0 2 2h14a2 2 0 0 0 2-2V6l-3-4z"
            />
            <line
              x1="3"
              x2="21"
              y1="6"
              y2="6"
            />
            <path
              d="M16 10a4 4 0 0 1-8 0"
            />
          </svg>
        </div>
        <div
          class="css-4xhxa"
        >
          <span
            class="css-urv4j1"
          >
            123456
          </span>
          <div
            class="css-o94346"
          >
            reprovado
          </div>
        </div>
        <div
          class="css-iqfsi7"
        >
          R$ 4,33
          <svg
            fill="none"
            height="1em"
            stroke="currentColor"
            stroke-linecap="round"
            stroke-linejoin="round"
            stroke-width="2"
            viewBox="0 0 24 24"
            width="1em"
            xmlns="http://www.w3.org/2000/svg"
          >
            <polyline
              points="9 18 15 12 9 6"
            />
          </svg>
        </div>
        <canvas
          height="0"
          style="border-radius: inherit; height: 100%; left: 0px; position: absolute; top: 0px; width: 100%;"
          width="0"
        />
      </div>
    </div>
  </div>
</div>
`;

exports[`Transactions List without interactions it should render properly 1`] = `
<div>
  <div
    class="css-4xhxa"
    data-testid="transactions"
  >
    <div
      class="css-111c5i3"
    >
      25/09/2020
    </div>
    <div
      class="css-fg72zp"
    >
      <div
        class="css-1wqaamr"
        data-transactionid="11"
      >
        <div
          class="css-1nmedbh"
        >
          <svg
            fill="none"
            height="1em"
            stroke="currentColor"
            stroke-linecap="round"
            stroke-linejoin="round"
            stroke-width="2"
            viewBox="0 0 24 24"
            width="1em"
            xmlns="http://www.w3.org/2000/svg"
          >
            <path
              d="M6 2L3 6v14a2 2 0 0 0 2 2h14a2 2 0 0 0 2-2V6l-3-4z"
            />
            <line
              x1="3"
              x2="21"
              y1="6"
              y2="6"
            />
            <path
              d="M16 10a4 4 0 0 1-8 0"
            />
          </svg>
        </div>
        <div
          class="css-4xhxa"
        >
          <span
            class="css-urv4j1"
          >
            123131231
          </span>
          <div
            class="css-15kypn1"
          >
            aprovado
          </div>
        </div>
        <div
          class="css-iqfsi7"
        >
          R$ 123,12
          <svg
            fill="none"
            height="1em"
            stroke="currentColor"
            stroke-linecap="round"
            stroke-linejoin="round"
            stroke-width="2"
            viewBox="0 0 24 24"
            width="1em"
            xmlns="http://www.w3.org/2000/svg"
          >
            <polyline
              points="9 18 15 12 9 6"
            />
          </svg>
        </div>
        <canvas
          height="0"
          style="border-radius: inherit; height: 100%; left: 0px; position: absolute; top: 0px; width: 100%;"
          width="0"
        />
      </div>
    </div>
    <div
      class="css-111c5i3"
    >
      20/09/2020
    </div>
    <div
      class="css-fg72zp"
    >
      <div
        class="css-1wqaamr"
        data-transactionid="10"
      >
        <div
          class="css-1nmedbh"
        >
          <svg
            fill="none"
            height="1em"
            stroke="currentColor"
            stroke-linecap="round"
            stroke-linejoin="round"
            stroke-width="2"
            viewBox="0 0 24 24"
            width="1em"
            xmlns="http://www.w3.org/2000/svg"
          >
            <path
              d="M6 2L3 6v14a2 2 0 0 0 2 2h14a2 2 0 0 0 2-2V6l-3-4z"
            />
            <line
              x1="3"
              x2="21"
              y1="6"
              y2="6"
            />
            <path
              d="M16 10a4 4 0 0 1-8 0"
            />
          </svg>
        </div>
        <div
          class="css-4xhxa"
        >
          <span
            class="css-urv4j1"
          >
            123123123
          </span>
          <div
            class="css-o94346"
          >
            reprovado
          </div>
        </div>
        <div
          class="css-iqfsi7"
        >
          R$ 34,00
          <svg
            fill="none"
            height="1em"
            stroke="currentColor"
            stroke-linecap="round"
            stroke-linejoin="round"
            stroke-width="2"
            viewBox="0 0 24 24"
            width="1em"
            xmlns="http://www.w3.org/2000/svg"
          >
            <polyline
              points="9 18 15 12 9 6"
            />
          </svg>
        </div>
        <canvas
          height="0"
          style="border-radius: inherit; height: 100%; left: 0px; position: absolute; top: 0px; width: 100%;"
          width="0"
        />
      </div>
    </div>
    <div
      class="css-111c5i3"
    >
      13/09/2020
    </div>
    <div
      class="css-fg72zp"
    >
      <div
        class="css-1wqaamr"
        data-transactionid="5"
      >
        <div
          class="css-1nmedbh"
        >
          <svg
            fill="none"
            height="1em"
            stroke="currentColor"
            stroke-linecap="round"
            stroke-linejoin="round"
            stroke-width="2"
            viewBox="0 0 24 24"
            width="1em"
            xmlns="http://www.w3.org/2000/svg"
          >
            <path
              d="M6 2L3 6v14a2 2 0 0 0 2 2h14a2 2 0 0 0 2-2V6l-3-4z"
            />
            <line
              x1="3"
              x2="21"
              y1="6"
              y2="6"
            />
            <path
              d="M16 10a4 4 0 0 1-8 0"
            />
          </svg>
        </div>
        <div
          class="css-4xhxa"
        >
          <span
            class="css-urv4j1"
          >
            09876543
          </span>
          <div
            class="css-15kypn1"
          >
            aprovado
          </div>
        </div>
        <div
          class="css-iqfsi7"
        >
          R$ 450,00
          <svg
            fill="none"
            height="1em"
            stroke="currentColor"
            stroke-linecap="round"
            stroke-linejoin="round"
            stroke-width="2"
            viewBox="0 0 24 24"
            width="1em"
            xmlns="http://www.w3.org/2000/svg"
          >
            <polyline
              points="9 18 15 12 9 6"
            />
          </svg>
        </div>
        <canvas
          height="0"
          style="border-radius: inherit; height: 100%; left: 0px; position: absolute; top: 0px; width: 100%;"
          width="0"
        />
      </div>
    </div>
    <div
      class="css-111c5i3"
    >
      11/09/2020
    </div>
    <div
      class="css-fg72zp"
    >
      <div
        class="css-1wqaamr"
        data-transactionid="7"
      >
        <div
          class="css-1nmedbh"
        >
          <svg
            fill="none"
            height="1em"
            stroke="currentColor"
            stroke-linecap="round"
            stroke-linejoin="round"
            stroke-width="2"
            viewBox="0 0 24 24"
            width="1em"
            xmlns="http://www.w3.org/2000/svg"
          >
            <path
              d="M6 2L3 6v14a2 2 0 0 0 2 2h14a2 2 0 0 0 2-2V6l-3-4z"
            />
            <line
              x1="3"
              x2="21"
              y1="6"
              y2="6"
            />
            <path
              d="M16 10a4 4 0 0 1-8 0"
            />
          </svg>
        </div>
        <div
          class="css-4xhxa"
        >
          <span
            class="css-urv4j1"
          >
            0987654
          </span>
          <div
            class="css-o94346"
          >
            reprovado
          </div>
        </div>
        <div
          class="css-iqfsi7"
        >
          R$ 45,00
          <svg
            fill="none"
            height="1em"
            stroke="currentColor"
            stroke-linecap="round"
            stroke-linejoin="round"
            stroke-width="2"
            viewBox="0 0 24 24"
            width="1em"
            xmlns="http://www.w3.org/2000/svg"
          >
            <polyline
              points="9 18 15 12 9 6"
            />
          </svg>
        </div>
        <canvas
          height="0"
          style="border-radius: inherit; height: 100%; left: 0px; position: absolute; top: 0px; width: 100%;"
          width="0"
        />
      </div>
      <div
        class="css-1wqaamr"
        data-transactionid="8"
      >
        <div
          class="css-1nmedbh"
        >
          <svg
            fill="none"
            height="1em"
            stroke="currentColor"
            stroke-linecap="round"
            stroke-linejoin="round"
            stroke-width="2"
            viewBox="0 0 24 24"
            width="1em"
            xmlns="http://www.w3.org/2000/svg"
          >
            <path
              d="M6 2L3 6v14a2 2 0 0 0 2 2h14a2 2 0 0 0 2-2V6l-3-4z"
            />
            <line
              x1="3"
              x2="21"
              y1="6"
              y2="6"
            />
            <path
              d="M16 10a4 4 0 0 1-8 0"
            />
          </svg>
        </div>
        <div
          class="css-4xhxa"
        >
          <span
            class="css-urv4j1"
          >
            123213
          </span>
          <div
            class="css-o94346"
          >
            reprovado
          </div>
        </div>
        <div
          class="css-iqfsi7"
        >
          R$ 38,00
          <svg
            fill="none"
            height="1em"
            stroke="currentColor"
            stroke-linecap="round"
            stroke-linejoin="round"
            stroke-width="2"
            viewBox="0 0 24 24"
            width="1em"
            xmlns="http://www.w3.org/2000/svg"
          >
            <polyline
              points="9 18 15 12 9 6"
            />
          </svg>
        </div>
        <canvas
          height="0"
          style="border-radius: inherit; height: 100%; left: 0px; position: absolute; top: 0px; width: 100%;"
          width="0"
        />
      </div>
    </div>
    <div
      class="css-111c5i3"
    >
      09/09/2020
    </div>
    <div
      class="css-fg72zp"
    >
      <div
        class="css-1wqaamr"
        data-transactionid="2"
      >
        <div
          class="css-1nmedbh"
        >
          <svg
            fill="none"
            height="1em"
            stroke="currentColor"
            stroke-linecap="round"
            stroke-linejoin="round"
            stroke-width="2"
            viewBox="0 0 24 24"
            width="1em"
            xmlns="http://www.w3.org/2000/svg"
          >
            <path
              d="M6 2L3 6v14a2 2 0 0 0 2 2h14a2 2 0 0 0 2-2V6l-3-4z"
            />
            <line
              x1="3"
              x2="21"
              y1="6"
              y2="6"
            />
            <path
              d="M16 10a4 4 0 0 1-8 0"
            />
          </svg>
        </div>
        <div
          class="css-4xhxa"
        >
          <span
            class="css-urv4j1"
          >
            123456789
          </span>
          <div
            class="css-15kypn1"
          >
            aprovado
          </div>
        </div>
        <div
          class="css-iqfsi7"
        >
          R$ 150,00
          <svg
            fill="none"
            height="1em"
            stroke="currentColor"
            stroke-linecap="round"
            stroke-linejoin="round"
            stroke-width="2"
            viewBox="0 0 24 24"
            width="1em"
            xmlns="http://www.w3.org/2000/svg"
          >
            <polyline
              points="9 18 15 12 9 6"
            />
          </svg>
        </div>
        <canvas
          height="0"
          style="border-radius: inherit; height: 100%; left: 0px; position: absolute; top: 0px; width: 100%;"
          width="0"
        />
      </div>
      <div
        class="css-1wqaamr"
        data-transactionid="3"
      >
        <div
          class="css-1nmedbh"
        >
          <svg
            fill="none"
            height="1em"
            stroke="currentColor"
            stroke-linecap="round"
            stroke-linejoin="round"
            stroke-width="2"
            viewBox="0 0 24 24"
            width="1em"
            xmlns="http://www.w3.org/2000/svg"
          >
            <path
              d="M6 2L3 6v14a2 2 0 0 0 2 2h14a2 2 0 0 0 2-2V6l-3-4z"
            />
            <line
              x1="3"
              x2="21"
              y1="6"
              y2="6"
            />
            <path
              d="M16 10a4 4 0 0 1-8 0"
            />
          </svg>
        </div>
        <div
          class="css-4xhxa"
        >
          <span
            class="css-urv4j1"
          >
            123456789
          </span>
          <div
            class="css-15kypn1"
          >
            aprovado
          </div>
        </div>
        <div
          class="css-iqfsi7"
        >
          R$ 150,00
          <svg
            fill="none"
            height="1em"
            stroke="currentColor"
            stroke-linecap="round"
            stroke-linejoin="round"
            stroke-width="2"
            viewBox="0 0 24 24"
            width="1em"
            xmlns="http://www.w3.org/2000/svg"
          >
            <polyline
              points="9 18 15 12 9 6"
            />
          </svg>
        </div>
        <canvas
          height="0"
          style="border-radius: inherit; height: 100%; left: 0px; position: absolute; top: 0px; width: 100%;"
          width="0"
        />
      </div>
      <div
        class="css-1wqaamr"
        data-transactionid="4"
      >
        <div
          class="css-1nmedbh"
        >
          <svg
            fill="none"
            height="1em"
            stroke="currentColor"
            stroke-linecap="round"
            stroke-linejoin="round"
            stroke-width="2"
            viewBox="0 0 24 24"
            width="1em"
            xmlns="http://www.w3.org/2000/svg"
          >
            <path
              d="M6 2L3 6v14a2 2 0 0 0 2 2h14a2 2 0 0 0 2-2V6l-3-4z"
            />
            <line
              x1="3"
              x2="21"
              y1="6"
              y2="6"
            />
            <path
              d="M16 10a4 4 0 0 1-8 0"
            />
          </svg>
        </div>
        <div
          class="css-4xhxa"
        >
          <span
            class="css-urv4j1"
          >
            123456789
          </span>
          <div
            class="css-15kypn1"
          >
            aprovado
          </div>
        </div>
        <div
          class="css-iqfsi7"
        >
          R$ 150,00
          <svg
            fill="none"
            height="1em"
            stroke="currentColor"
            stroke-linecap="round"
            stroke-linejoin="round"
            stroke-width="2"
            viewBox="0 0 24 24"
            width="1em"
            xmlns="http://www.w3.org/2000/svg"
          >
            <polyline
              points="9 18 15 12 9 6"
            />
          </svg>
        </div>
        <canvas
          height="0"
          style="border-radius: inherit; height: 100%; left: 0px; position: absolute; top: 0px; width: 100%;"
          width="0"
        />
      </div>
      <div
        class="css-1wqaamr"
        data-transactionid="12"
      >
        <div
          class="css-1nmedbh"
        >
          <svg
            fill="none"
            height="1em"
            stroke="currentColor"
            stroke-linecap="round"
            stroke-linejoin="round"
            stroke-width="2"
            viewBox="0 0 24 24"
            width="1em"
            xmlns="http://www.w3.org/2000/svg"
          >
            <path
              d="M6 2L3 6v14a2 2 0 0 0 2 2h14a2 2 0 0 0 2-2V6l-3-4z"
            />
            <line
              x1="3"
              x2="21"
              y1="6"
              y2="6"
            />
            <path
              d="M16 10a4 4 0 0 1-8 0"
            />
          </svg>
        </div>
        <div
          class="css-4xhxa"
        >
          <span
            class="css-urv4j1"
          >
            123123
          </span>
          <div
            class="css-o94346"
          >
            reprovado
          </div>
        </div>
        <div
          class="css-iqfsi7"
        >
          R$ 32,00
          <svg
            fill="none"
            height="1em"
            stroke="currentColor"
            stroke-linecap="round"
            stroke-linejoin="round"
            stroke-width="2"
            viewBox="0 0 24 24"
            width="1em"
            xmlns="http://www.w3.org/2000/svg"
          >
            <polyline
              points="9 18 15 12 9 6"
            />
          </svg>
        </div>
        <canvas
          height="0"
          style="border-radius: inherit; height: 100%; left: 0px; position: absolute; top: 0px; width: 100%;"
          width="0"
        />
      </div>
    </div>
    <div
      class="css-111c5i3"
    >
      05/09/2020
    </div>
    <div
      class="css-fg72zp"
    >
      <div
        class="css-1wqaamr"
        data-transactionid="6"
      >
        <div
          class="css-1nmedbh"
        >
          <svg
            fill="none"
            height="1em"
            stroke="currentColor"
            stroke-linecap="round"
            stroke-linejoin="round"
            stroke-width="2"
            viewBox="0 0 24 24"
            width="1em"
            xmlns="http://www.w3.org/2000/svg"
          >
            <path
              d="M6 2L3 6v14a2 2 0 0 0 2 2h14a2 2 0 0 0 2-2V6l-3-4z"
            />
            <line
              x1="3"
              x2="21"
              y1="6"
              y2="6"
            />
            <path
              d="M16 10a4 4 0 0 1-8 0"
            />
          </svg>
        </div>
        <div
          class="css-4xhxa"
        >
          <span
            class="css-urv4j1"
          >
            123434343
          </span>
          <div
            class="css-o94346"
          >
            reprovado
          </div>
        </div>
        <div
          class="css-iqfsi7"
        >
          R$ 30,00
          <svg
            fill="none"
            height="1em"
            stroke="currentColor"
            stroke-linecap="round"
            stroke-linejoin="round"
            stroke-width="2"
            viewBox="0 0 24 24"
            width="1em"
            xmlns="http://www.w3.org/2000/svg"
          >
            <polyline
              points="9 18 15 12 9 6"
            />
          </svg>
        </div>
        <canvas
          height="0"
          style="border-radius: inherit; height: 100%; left: 0px; position: absolute; top: 0px; width: 100%;"
          width="0"
        />
      </div>
    </div>
    <div
      class="css-111c5i3"
    >
      31/08/2020
    </div>
    <div
      class="css-fg72zp"
    >
      <div
        class="css-1wqaamr"
        data-transactionid="1"
      >
        <div
          class="css-1nmedbh"
        >
          <svg
            fill="none"
            height="1em"
            stroke="currentColor"
            stroke-linecap="round"
            stroke-linejoin="round"
            stroke-width="2"
            viewBox="0 0 24 24"
            width="1em"
            xmlns="http://www.w3.org/2000/svg"
          >
            <path
              d="M6 2L3 6v14a2 2 0 0 0 2 2h14a2 2 0 0 0 2-2V6l-3-4z"
            />
            <line
              x1="3"
              x2="21"
              y1="6"
              y2="6"
            />
            <path
              d="M16 10a4 4 0 0 1-8 0"
            />
          </svg>
        </div>
        <div
          class="css-4xhxa"
        >
          <span
            class="css-urv4j1"
          >
            0987654321
          </span>
          <div
            class="css-szkkrn"
          >
            em validação
          </div>
        </div>
        <div
          class="css-iqfsi7"
        >
          R$ 1.000,00
          <svg
            fill="none"
            height="1em"
            stroke="currentColor"
            stroke-linecap="round"
            stroke-linejoin="round"
            stroke-width="2"
            viewBox="0 0 24 24"
            width="1em"
            xmlns="http://www.w3.org/2000/svg"
          >
            <polyline
              points="9 18 15 12 9 6"
            />
          </svg>
        </div>
        <canvas
          height="0"
          style="border-radius: inherit; height: 100%; left: 0px; position: absolute; top: 0px; width: 100%;"
          width="0"
        />
      </div>
      <div
        class="css-1wqaamr"
        data-transactionid="9"
      >
        <div
          class="css-1nmedbh"
        >
          <svg
            fill="none"
            height="1em"
            stroke="currentColor"
            stroke-linecap="round"
            stroke-linejoin="round"
            stroke-width="2"
            viewBox="0 0 24 24"
            width="1em"
            xmlns="http://www.w3.org/2000/svg"
          >
            <path
              d="M6 2L3 6v14a2 2 0 0 0 2 2h14a2 2 0 0 0 2-2V6l-3-4z"
            />
            <line
              x1="3"
              x2="21"
              y1="6"
              y2="6"
            />
            <path
              d="M16 10a4 4 0 0 1-8 0"
            />
          </svg>
        </div>
        <div
          class="css-4xhxa"
        >
          <span
            class="css-urv4j1"
          >
            09876
          </span>
          <div
            class="css-o94346"
          >
            reprovado
          </div>
        </div>
        <div
          class="css-iqfsi7"
        >
          R$ 28,00
          <svg
            fill="none"
            height="1em"
            stroke="currentColor"
            stroke-linecap="round"
            stroke-linejoin="round"
            stroke-width="2"
            viewBox="0 0 24 24"
            width="1em"
            xmlns="http://www.w3.org/2000/svg"
          >
            <polyline
              points="9 18 15 12 9 6"
            />
          </svg>
        </div>
        <canvas
          height="0"
          style="border-radius: inherit; height: 100%; left: 0px; position: absolute; top: 0px; width: 100%;"
          width="0"
        />
      </div>
      <div
        class="css-1wqaamr"
        data-transactionid="13"
      >
        <div
          class="css-1nmedbh"
        >
          <svg
            fill="none"
            height="1em"
            stroke="currentColor"
            stroke-linecap="round"
            stroke-linejoin="round"
            stroke-width="2"
            viewBox="0 0 24 24"
            width="1em"
            xmlns="http://www.w3.org/2000/svg"
          >
            <path
              d="M6 2L3 6v14a2 2 0 0 0 2 2h14a2 2 0 0 0 2-2V6l-3-4z"
            />
            <line
              x1="3"
              x2="21"
              y1="6"
              y2="6"
            />
            <path
              d="M16 10a4 4 0 0 1-8 0"
            />
          </svg>
        </div>
        <div
          class="css-4xhxa"
        >
          <span
            class="css-urv4j1"
          >
            123456
          </span>
          <div
            class="css-o94346"
          >
            reprovado
          </div>
        </div>
        <div
          class="css-iqfsi7"
        >
          R$ 4,33
          <svg
            fill="none"
            height="1em"
            stroke="currentColor"
            stroke-linecap="round"
            stroke-linejoin="round"
            stroke-width="2"
            viewBox="0 0 24 24"
            width="1em"
            xmlns="http://www.w3.org/2000/svg"
          >
            <polyline
              points="9 18 15 12 9 6"
            />
          </svg>
        </div>
        <canvas
          height="0"
          style="border-radius: inherit; height: 100%; left: 0px; position: absolute; top: 0px; width: 100%;"
          width="0"
        />
      </div>
    </div>
  </div>
</div>
`;

exports[`Transactions Transaction Detail it should render properly with all props 1`] = `
<div>
  <div
    class="css-1fotvew"
    data-testid="details"
  >
    <div
      class="css-1azqruw"
    >
      <div
        class="css-15w5qwm"
      >
        <div
          class="css-14nbr1t"
          data-testid="transaction-icon"
          name="code"
        >
          <svg
            fill="none"
            height="1em"
            stroke="currentColor"
            stroke-linecap="round"
            stroke-linejoin="round"
            stroke-width="2"
            viewBox="0 0 24 24"
            width="1em"
            xmlns="http://www.w3.org/2000/svg"
          >
            <path
              d="M20.59 13.41l-7.17 7.17a2 2 0 0 1-2.83 0L2 12V2h10l8.59 8.59a2 2 0 0 1 0 2.82z"
            />
            <line
              x1="7"
              x2="7"
              y1="7"
              y2="7"
            />
          </svg>
        </div>
        Código
      </div>
      <div
        class="css-1pnek1n"
      >
        123456
      </div>
    </div>
    <div
      class="css-1azqruw"
    >
      <div
        class="css-15w5qwm"
      >
        <div
          class="css-14nbr1t"
          data-testid="transaction-icon"
          name="value"
        >
          <svg
            fill="none"
            height="1em"
            stroke="currentColor"
            stroke-linecap="round"
            stroke-linejoin="round"
            stroke-width="2"
            viewBox="0 0 24 24"
            width="1em"
            xmlns="http://www.w3.org/2000/svg"
          >
            <line
              x1="12"
              x2="12"
              y1="1"
              y2="23"
            />
            <path
              d="M17 5H9.5a3.5 3.5 0 0 0 0 7h5a3.5 3.5 0 0 1 0 7H6"
            />
          </svg>
        </div>
        Total
      </div>
      <div
        class="css-1pnek1n"
      >
        R$ 4,33
      </div>
    </div>
    <div
      class="css-1azqruw"
    >
      <div
        class="css-15w5qwm"
      >
        <div
          class="css-14nbr1t"
          data-testid="transaction-icon"
          name="date"
        >
          <svg
            fill="none"
            height="1em"
            stroke="currentColor"
            stroke-linecap="round"
            stroke-linejoin="round"
            stroke-width="2"
            viewBox="0 0 24 24"
            width="1em"
            xmlns="http://www.w3.org/2000/svg"
          >
            <rect
              height="18"
              rx="2"
              ry="2"
              width="18"
              x="3"
              y="4"
            />
            <line
              x1="16"
              x2="16"
              y1="2"
              y2="6"
            />
            <line
              x1="8"
              x2="8"
              y1="2"
              y2="6"
            />
            <line
              x1="3"
              x2="21"
              y1="10"
              y2="10"
            />
          </svg>
        </div>
        Data
      </div>
      <div
        class="css-1pnek1n"
      >
        31/08/2020
      </div>
    </div>
    <div
      class="css-1azqruw"
    >
      <div
        class="css-15w5qwm"
      >
        <div
          class="css-14nbr1t"
          data-testid="transaction-icon"
          name="status"
        >
          <svg
            fill="none"
            height="1em"
            stroke="currentColor"
            stroke-linecap="round"
            stroke-linejoin="round"
            stroke-width="2"
            viewBox="0 0 24 24"
            width="1em"
            xmlns="http://www.w3.org/2000/svg"
          >
            <circle
              cx="12"
              cy="12"
              r="10"
            />
            <line
              x1="12"
              x2="12"
              y1="16"
              y2="12"
            />
            <line
              x1="12"
              x2="12"
              y1="8"
              y2="8"
            />
          </svg>
        </div>
        Status
      </div>
      <div
        class="css-1pnek1n"
      >
        reprovado
      </div>
    </div>
    <div
      class="css-1azqruw"
    >
      <div
        class="css-15w5qwm"
      >
        <div
          class="css-14nbr1t"
          data-testid="transaction-icon"
          name="percentage"
        >
          <svg
            fill="none"
            height="1em"
            stroke="currentColor"
            stroke-linecap="round"
            stroke-linejoin="round"
            stroke-width="2"
            viewBox="0 0 24 24"
            width="1em"
            xmlns="http://www.w3.org/2000/svg"
          >
            <line
              x1="19"
              x2="5"
              y1="5"
              y2="19"
            />
            <circle
              cx="6.5"
              cy="6.5"
              r="2.5"
            />
            <circle
              cx="17.5"
              cy="17.5"
              r="2.5"
            />
          </svg>
        </div>
        Porcentagem de cashback
      </div>
      <div
        class="css-1pnek1n"
      >
        0.00%
      </div>
    </div>
    <div
      class="css-1azqruw"
    >
      <div
        class="css-15w5qwm"
      >
        <div
          class="css-14nbr1t"
          data-testid="transaction-icon"
          name="cashback"
        >
          <svg
            fill="none"
            height="1em"
            stroke="currentColor"
            stroke-linecap="round"
            stroke-linejoin="round"
            stroke-width="2"
            viewBox="0 0 24 24"
            width="1em"
            xmlns="http://www.w3.org/2000/svg"
          >
            <polyline
              points="1 4 1 10 7 10"
            />
            <path
              d="M3.51 15a9 9 0 1 0 2.13-9.36L1 10"
            />
          </svg>
        </div>
        Cashback
      </div>
      <div
        class="css-1pnek1n"
      >
        R$ 0,00
      </div>
    </div>
  </div>
</div>
`;
