// Jest Snapshot v1, https://goo.gl/fbAQLP

exports[`Profile it should render properly 1`] = `
<div>
  <div
    class="css-157n9gf"
    data-testid="profile"
  >
    <div
      class="css-5o0brw"
    >
      <div
        class="css-1mcyu8t"
        data-testid="logo"
      >
        <svg
          preserveAspectRatio="xMidYMid slice"
        >
          sign.svg
        </svg>
      </div>
    </div>
    <div
      class="css-pqvzuk"
    >
      <h6
        class="css-1b7lpw4"
      />
    </div>
    <figure
      class="css-yn18kw"
    >
      <img
        alt="Imagem de perfil"
        src="avatar-2.svg"
      />
    </figure>
  </div>
</div>
`;
